// Jest Snapshot v1, https://goo.gl/fbAQLP

exports[`Box Deve renderizar [snapshot] 1`] = `
<div
  class=""
/>
`;
